127.0.0.1:6379> set key qqq apple
(error) ERR syntax error
127.0.0.1:6379> set qqq apple
OK
127.0.0.1:6379> get qqq
"apple"
127.0.0.1:6379> ttl qqq
(integer) -1
127.0.0.1:6379> expire qqq 20
(integer) 1
127.0.0.1:6379> ttl qqq
(integer) 17
127.0.0.1:6379> ttl qqq
(integer) 15
127.0.0.1:6379> ttl qqq
(integer) 14
127.0.0.1:6379> ttl qqq
(integer) -2
127.0.0.1:6379> get qqq
(nil)
127.0.0.1:6379> keys *
(empty array)
127.0.0.1:6379> get qqq
(nil)
127.0.0.1:6379> ttl qqq
(integer) -2